package testdata

import "fmt"

func slice() {
	for i, v := range []int{1, 2, 3} {
		fmt.Println(i, v)
	}
}

func statementsInBetween() {
	for i, v := range []int{1, 2, 3} {
		for range 10 {
		}

		go func() {}()
		fmt.Println(i, v)
	}
}

func multiAssign() {
	for i, v := range []int{1, 2, 3} {
		fmt.Println(i, v)
	}
}

func trickyMultiAssign0() {
	for i, v := range []int{1, 2, 3} {
		anotherVar := 123 // want "found unnecessary loop variable capture"

		fmt.Println(i, v, anotherVar)
	}
}

func trickyMultiAssign1() {
	for i, v := range []int{1, 2, 3} {
		_, anotherVar := 456, 123 // want "found unnecessary loop variable capture"

		fmt.Println(i, v, anotherVar)
	}
}

func trickyMultiAssign2() {
	for _, v := range []int{1, 2, 3} {
		_ = func() int {
			return 1
		}() // want "found unnecessary loop variable capture"

		fmt.Println(v)
	}
}

func variableIsIncrementedLater() {
	for i, v := range []int{1, 2, 3} {
		incrementing := i // want "found unnecessary loop variable capture"

		incrementing++

		fmt.Println(incrementing, v)
	}
}

func variableIsDecrementedLater() {
	for i, v := range []int{1, 2, 3} {
		decrementing := i // want "found unnecessary loop variable capture"

		decrementing--

		fmt.Println(decrementing, v)
	}
}

func variableIsPlusAssigned() {
	for i, v := range []int{1, 2, 3} {
		incrementing := i // want "found unnecessary loop variable capture"

		incrementing += 123

		fmt.Println(incrementing, v)
	}
}

func variableIsMinusAssigned() {
	for i, v := range []int{1, 2, 3} {
		decrementing := i // want "found unnecessary loop variable capture"

		decrementing -= 123

		fmt.Println(decrementing, v)
	}
}

func variableIsMultiplyAssigned() {
	for i, v := range []int{1, 2, 3} {
		index := i // want "found unnecessary loop variable capture"

		index *= 123

		fmt.Println(index, v)
	}
}

func variableIsDivideAssigned() {
	for i, v := range []int{1, 2, 3} {
		index := i // want "found unnecessary loop variable capture"

		index /= 123

		fmt.Println(index, v)
	}
}

func variableIsModuloAssigned() {
	for i, v := range []int{1, 2, 3} {
		index := i // want "found unnecessary loop variable capture"

		index %= 123

		fmt.Println(index, v)
	}
}

func variableIsAndAssigned() {
	for i, v := range []int{1, 2, 3} {
		index := i // want "found unnecessary loop variable capture"

		index &= 123

		fmt.Println(index, v)
	}
}

func variableIsOrAssigned() {
	for i, v := range []int{1, 2, 3} {
		index := i // want "found unnecessary loop variable capture"

		index |= 123

		fmt.Println(index, v)
	}
}

func variableIsXorAssigned() {
	for i, v := range []int{1, 2, 3} {
		index := i // want "found unnecessary loop variable capture"

		index ^= 123

		fmt.Println(index, v)
	}
}

func variableIsShiftLeftAssigned() {
	for i, v := range []int{1, 2, 3} {
		index := i // want "found unnecessary loop variable capture"

		index <<= 123

		fmt.Println(index, v)
	}
}

func variableIsShiftRightAssigned() {
	for i, v := range []int{1, 2, 3} {
		index := i // want "found unnecessary loop variable capture"

		index >>= 123

		fmt.Println(index, v)
	}
}

func variableIsAndNotAssigned() {
	for i, v := range []int{1, 2, 3} {
		index := i // want "found unnecessary loop variable capture"

		index &^= 123

		fmt.Println(index, v)
	}
}

func variableIsSimplyAssigned() {
	for i, v := range []int{1, 2, 3} {
		assigned := i // want "found unnecessary loop variable capture"

		assigned = 123

		fmt.Println(assigned, v)
	}
}

func wasABugBeforeGo122() {
	for i, v := range []int{1, 2, 3} {
		go func() {
			fmt.Println(i, v)
		}()

		fmt.Println(i, v)
	}
}

func muchWhitespace() {
	for i, v := range []int{1, 2, 3} {

		fmt.Println(i, v)
	}
}

func aMap() {
	for k, v := range map[string]int{} {
		fmt.Println(k, v)
	}
}

func rename() {
	for i, v := range []int{1, 2, 3} {
		fmt.Println(i, v)
	}
}

func address() {
	vals := []*int{}
	for _, v := range []int{1, 2, 3} {
		vals = append(vals, &v)
	}
	_ = vals
}

func addressRename() {
	vals := []*int{}
	for _, v := range []int{1, 2, 3} {
		vals = append(vals, &v)
	}
	_ = vals
}

func renameInGoroutine() {
	for i, v := range []int{1, 2, 3} {
		go func() {
			fmt.Println(i, v)
		}()
	}
}

func kitchenSink() {
	for i1, v1 := range []int{1, 2, 3} {
		for i2, v2 := range []string{"foo", "bar"} {
			// I'm not sure how we should handle such captures... I don't expect they'll be common,
			// though.
			varA := i1
			go func() {
				for i3, v3 := range map[int]int{} {
					fmt.Println(
						i2,
						i1,
						v1,
						v1,
						i3,
						v3*(i3+i1-v1+v3),
						v2,
						varA,
						v2,
					)
				}
			}()
		}
	}
}
